// Jest Snapshot v1, https://goo.gl/fbAQLP

exports[`ProductSingle component rendering Renders ProductSingle component 1`] = `
Object {
  "asFragment": [Function],
  "baseElement": <body>
    <div>
      <section
        class="product-single"
      >
        <h1
          class="product-single__name"
        >
          Маргарита
        </h1>
        <span
          class="product-single__ingredients"
        >
          Состав: 
          пармезан, моцарелла, камамбер
        </span>
        <img
          alt="Маргарита"
          class="product-single__img"
          src=""
        />
        <span
          class="product-single__price"
        >
          Цена: 
          100
          р.
        </span>
        <a
          class="product-single__back-link"
          href="/"
        >
          Вернуться к меню
        </a>
      </section>
    </div>
  </body>,
  "container": <div>
    <section
      class="product-single"
    >
      <h1
        class="product-single__name"
      >
        Маргарита
      </h1>
      <span
        class="product-single__ingredients"
      >
        Состав: 
        пармезан, моцарелла, камамбер
      </span>
      <img
        alt="Маргарита"
        class="product-single__img"
        src=""
      />
      <span
        class="product-single__price"
      >
        Цена: 
        100
        р.
      </span>
      <a
        class="product-single__back-link"
        href="/"
      >
        Вернуться к меню
      </a>
    </section>
  </div>,
  "debug": [Function],
  "findAllByAltText": [Function],
  "findAllByDisplayValue": [Function],
  "findAllByLabelText": [Function],
  "findAllByPlaceholderText": [Function],
  "findAllByRole": [Function],
  "findAllByTestId": [Function],
  "findAllByText": [Function],
  "findAllByTitle": [Function],
  "findByAltText": [Function],
  "findByDisplayValue": [Function],
  "findByLabelText": [Function],
  "findByPlaceholderText": [Function],
  "findByRole": [Function],
  "findByTestId": [Function],
  "findByText": [Function],
  "findByTitle": [Function],
  "getAllByAltText": [Function],
  "getAllByDisplayValue": [Function],
  "getAllByLabelText": [Function],
  "getAllByPlaceholderText": [Function],
  "getAllByRole": [Function],
  "getAllByTestId": [Function],
  "getAllByText": [Function],
  "getAllByTitle": [Function],
  "getByAltText": [Function],
  "getByDisplayValue": [Function],
  "getByLabelText": [Function],
  "getByPlaceholderText": [Function],
  "getByRole": [Function],
  "getByTestId": [Function],
  "getByText": [Function],
  "getByTitle": [Function],
  "queryAllByAltText": [Function],
  "queryAllByDisplayValue": [Function],
  "queryAllByLabelText": [Function],
  "queryAllByPlaceholderText": [Function],
  "queryAllByRole": [Function],
  "queryAllByTestId": [Function],
  "queryAllByText": [Function],
  "queryAllByTitle": [Function],
  "queryByAltText": [Function],
  "queryByDisplayValue": [Function],
  "queryByLabelText": [Function],
  "queryByPlaceholderText": [Function],
  "queryByRole": [Function],
  "queryByTestId": [Function],
  "queryByText": [Function],
  "queryByTitle": [Function],
  "rerender": [Function],
  "unmount": [Function],
}
`;
